// Jest Snapshot v1, https://goo.gl/fbAQLP

exports[`About page renders properly 1`] = `
<div
  className="d-flex flex-column"
>
  <div
    className="page-title"
  >
    <p
      data-content="Coronavirus disease (COVID-19) pandemic"
    >
      Coronavirus disease (COVID-19) pandemic
    </p>
  </div>
  <a
    className="arrow my-2 ms-auto p-2"
    href="/"
    onClick={[Function]}
  >
     
    Go Back Home
    <svg
      aria-hidden="true"
      className="svg-inline--fa fa-angle-double-right fa-w-14 mx-1"
      data-icon="angle-double-right"
      data-prefix="fas"
      focusable="false"
      role="img"
      style={Object {}}
      viewBox="0 0 448 512"
      xmlns="http://www.w3.org/2000/svg"
    >
      <path
        d="M224.3 273l-136 136c-9.4 9.4-24.6 9.4-33.9 0l-22.6-22.6c-9.4-9.4-9.4-24.6 0-33.9l96.4-96.4-96.4-96.4c-9.4-9.4-9.4-24.6 0-33.9L54.3 103c9.4-9.4 24.6-9.4 33.9 0l136 136c9.5 9.4 9.5 24.6.1 34zm192-34l-136-136c-9.4-9.4-24.6-9.4-33.9 0l-22.6 22.6c-9.4 9.4-9.4 24.6 0 33.9l96.4 96.4-96.4 96.4c-9.4 9.4-9.4 24.6 0 33.9l22.6 22.6c9.4 9.4 24.6 9.4 33.9 0l136-136c9.4-9.2 9.4-24.4 0-33.8z"
        fill="currentColor"
        style={Object {}}
      />
    </svg>
  </a>
  <div>
     
    <div
      className="page-header"
    >
      <div
        className="header-image"
      >
        <img
          alt="cart"
          src="/cartes/globe.svg"
        />
      </div>
      <div
        className="header-body"
      >
        <h2>
          About US
        </h2>
        <p>
          
        </p>
      </div>
    </div>
    <div
      className="countries-container container"
    >
      <div>
        <h1
          className="my-4 shadow"
        >
          About COVID19 API
        </h1>
        <p>
          The full API dataset is updated each day between
           
          <strong>
             1PM 
          </strong>
           
          and
          <strong>
             3PM 
          </strong>
           
          CET with additional updates throughout the day.
        </p>
        <p>
          Data is provided by the following institutions:
        </p>
        <ul>
          <li>
            <a
              href="https://systems.jhu.edu/research/public-health/ncov/"
            >
              Johns Hopkins University
            </a>
          </li>
          <li>
            <a
              href="https://github.com/pcm-dpc/COVID-19"
            >
              Dipartimento della Protezione Civile of Italy
            </a>
          </li>
          <li>
            <a
              href="https://www.rki.de/DE/Content/InfAZ/N/Neuartiges_Coronavirus/Situationsberichte/Gesamt.html"
            >
              Robert Koch Institute of Germany
            </a>
          </li>
          <li>
            <a
              href="https://www.mscbs.gob.es/profesionales/saludPublica/ccayes/alertasActual/nCov/situacionActual.htm"
            >
              Ministry of Health Spain
            </a>
          </li>
          <li>
            <a
              href="https://www.santepubliquefrance.fr/dossiers/coronavirus-covid-19"
            >
              Sant√© publique France
            </a>
          </li>
        </ul>
      </div>
      <div>
        <h1
          className="my-4 shadow"
        >
          About Developer
        </h1>
        <p>
          Leonardo de Andrade (aka Leo) is an  IT Manager,  Software Developer, and degree in software engineering and an MBA in Business Management focused on IT. He also is a very passionate and multifunctional professional. Based in Belo Horizonte/MG, Brazil, and available to be around the world.
        </p>
        <p>
          <svg
            aria-hidden="true"
            className="svg-inline--fa fa-link fa-w-16 mx-2"
            data-icon="link"
            data-prefix="fas"
            focusable="false"
            role="img"
            style={Object {}}
            viewBox="0 0 512 512"
            xmlns="http://www.w3.org/2000/svg"
          >
            <path
              d="M326.612 185.391c59.747 59.809 58.927 155.698.36 214.59-.11.12-.24.25-.36.37l-67.2 67.2c-59.27 59.27-155.699 59.262-214.96 0-59.27-59.26-59.27-155.7 0-214.96l37.106-37.106c9.84-9.84 26.786-3.3 27.294 10.606.648 17.722 3.826 35.527 9.69 52.721 1.986 5.822.567 12.262-3.783 16.612l-13.087 13.087c-28.026 28.026-28.905 73.66-1.155 101.96 28.024 28.579 74.086 28.749 102.325.51l67.2-67.19c28.191-28.191 28.073-73.757 0-101.83-3.701-3.694-7.429-6.564-10.341-8.569a16.037 16.037 0 0 1-6.947-12.606c-.396-10.567 3.348-21.456 11.698-29.806l21.054-21.055c5.521-5.521 14.182-6.199 20.584-1.731a152.482 152.482 0 0 1 20.522 17.197zM467.547 44.449c-59.261-59.262-155.69-59.27-214.96 0l-67.2 67.2c-.12.12-.25.25-.36.37-58.566 58.892-59.387 154.781.36 214.59a152.454 152.454 0 0 0 20.521 17.196c6.402 4.468 15.064 3.789 20.584-1.731l21.054-21.055c8.35-8.35 12.094-19.239 11.698-29.806a16.037 16.037 0 0 0-6.947-12.606c-2.912-2.005-6.64-4.875-10.341-8.569-28.073-28.073-28.191-73.639 0-101.83l67.2-67.19c28.239-28.239 74.3-28.069 102.325.51 27.75 28.3 26.872 73.934-1.155 101.96l-13.087 13.087c-4.35 4.35-5.769 10.79-3.783 16.612 5.864 17.194 9.042 34.999 9.69 52.721.509 13.906 17.454 20.446 27.294 10.606l37.106-37.106c59.271-59.259 59.271-155.699.001-214.959z"
              fill="currentColor"
              style={Object {}}
            />
          </svg>
          You can follow me on :
        </p>
        <ul
          className="d-flex justify-content-between p-0"
        >
          <li>
            <span
              className="badge bg-warning"
            >
              <svg
                aria-hidden="true"
                className="svg-inline--fa fa-github fa-w-16 mx-1 text-dark"
                data-icon="github"
                data-prefix="fab"
                focusable="false"
                role="img"
                style={Object {}}
                viewBox="0 0 496 512"
                xmlns="http://www.w3.org/2000/svg"
              >
                <path
                  d="M165.9 397.4c0 2-2.3 3.6-5.2 3.6-3.3.3-5.6-1.3-5.6-3.6 0-2 2.3-3.6 5.2-3.6 3-.3 5.6 1.3 5.6 3.6zm-31.1-4.5c-.7 2 1.3 4.3 4.3 4.9 2.6 1 5.6 0 6.2-2s-1.3-4.3-4.3-5.2c-2.6-.7-5.5.3-6.2 2.3zm44.2-1.7c-2.9.7-4.9 2.6-4.6 4.9.3 2 2.9 3.3 5.9 2.6 2.9-.7 4.9-2.6 4.6-4.6-.3-1.9-3-3.2-5.9-2.9zM244.8 8C106.1 8 0 113.3 0 252c0 110.9 69.8 205.8 169.5 239.2 12.8 2.3 17.3-5.6 17.3-12.1 0-6.2-.3-40.4-.3-61.4 0 0-70 15-84.7-29.8 0 0-11.4-29.1-27.8-36.6 0 0-22.9-15.7 1.6-15.4 0 0 24.9 2 38.6 25.8 21.9 38.6 58.6 27.5 72.9 20.9 2.3-16 8.8-27.1 16-33.7-55.9-6.2-112.3-14.3-112.3-110.5 0-27.5 7.6-41.3 23.6-58.9-2.6-6.5-11.1-33.3 2.6-67.9 20.9-6.5 69 27 69 27 20-5.6 41.5-8.5 62.8-8.5s42.8 2.9 62.8 8.5c0 0 48.1-33.6 69-27 13.7 34.7 5.2 61.4 2.6 67.9 16 17.7 25.8 31.5 25.8 58.9 0 96.5-58.9 104.2-114.8 110.5 9.2 7.9 17 22.9 17 46.4 0 33.7-.3 75.4-.3 83.6 0 6.5 4.6 14.4 17.3 12.1C428.2 457.8 496 362.9 496 252 496 113.3 383.5 8 244.8 8zM97.2 352.9c-1.3 1-1 3.3.7 5.2 1.6 1.6 3.9 2.3 5.2 1 1.3-1 1-3.3-.7-5.2-1.6-1.6-3.9-2.3-5.2-1zm-10.8-8.1c-.7 1.3.3 2.9 2.3 3.9 1.6 1 3.6.7 4.3-.7.7-1.3-.3-2.9-2.3-3.9-2-.6-3.6-.3-4.3.7zm32.4 35.6c-1.6 1.3-1 4.3 1.3 6.2 2.3 2.3 5.2 2.6 6.5 1 1.3-1.3.7-4.3-1.3-6.2-2.2-2.3-5.2-2.6-6.5-1zm-11.4-14.7c-1.6 1-1.6 3.6 0 5.9 1.6 2.3 4.3 3.3 5.6 2.3 1.6-1.3 1.6-3.9 0-6.2-1.4-2.3-4-3.3-5.6-2z"
                  fill="currentColor"
                  style={Object {}}
                />
              </svg>
              <a
                className="text-decoration-none text-dark"
                href="https://github.com/leonardoeng13"
                rel="noreferrer"
                target="_blank"
              >
                Github
              </a>
            </span>
          </li>
          <li>
            <span
              className="badge bg-warning"
            >
              <svg
                aria-hidden="true"
                className="svg-inline--fa fa-facebook fa-w-16 mx-1 text-primary"
                data-icon="facebook"
                data-prefix="fab"
                focusable="false"
                role="img"
                style={Object {}}
                viewBox="0 0 512 512"
                xmlns="http://www.w3.org/2000/svg"
              >
                <path
                  d="M504 256C504 119 393 8 256 8S8 119 8 256c0 123.78 90.69 226.38 209.25 245V327.69h-63V256h63v-54.64c0-62.15 37-96.48 93.67-96.48 27.14 0 55.52 4.84 55.52 4.84v61h-31.28c-30.8 0-40.41 19.12-40.41 38.73V256h68.78l-11 71.69h-57.78V501C413.31 482.38 504 379.78 504 256z"
                  fill="currentColor"
                  style={Object {}}
                />
              </svg>
              <a
                className="text-decoration-none text-dark"
                href="https://web.facebook.com/?_rdc=1&_rdr"
                rel="noreferrer"
                target="_blank"
              >
                Facebook
              </a>
            </span>
          </li>
          <li>
            <span
              className="badge bg-warning"
            >
              <svg
                aria-hidden="true"
                className="svg-inline--fa fa-linkedin fa-w-14 mx-1 text-info"
                data-icon="linkedin"
                data-prefix="fab"
                focusable="false"
                role="img"
                style={Object {}}
                viewBox="0 0 448 512"
                xmlns="http://www.w3.org/2000/svg"
              >
                <path
                  d="M416 32H31.9C14.3 32 0 46.5 0 64.3v383.4C0 465.5 14.3 480 31.9 480H416c17.6 0 32-14.5 32-32.3V64.3c0-17.8-14.4-32.3-32-32.3zM135.4 416H69V202.2h66.5V416zm-33.2-243c-21.3 0-38.5-17.3-38.5-38.5S80.9 96 102.2 96c21.2 0 38.5 17.3 38.5 38.5 0 21.3-17.2 38.5-38.5 38.5zm282.1 243h-66.4V312c0-24.8-.5-56.7-34.5-56.7-34.6 0-39.9 27-39.9 54.9V416h-66.4V202.2h63.7v29.2h.9c8.9-16.8 30.6-34.5 62.9-34.5 67.2 0 79.7 44.3 79.7 101.9V416z"
                  fill="currentColor"
                  style={Object {}}
                />
              </svg>
              <a
                className="text-decoration-none text-dark"
                href="https://www.linkedin.com/in/leonardodeandrade/?locale=en_US"
                rel="noreferrer"
                target="_blank"
              >
                LinkedIn
              </a>
            </span>
          </li>
        </ul>
      </div>
      <p
        className="text-monospace warning"
      >
        All Copyright ¬© and Thanks For
        <a
          className="text-decoration-none"
          href="https://covid19tracking.narrativa.com/index_en.html"
        >
           Narrativa API
        </a>
      </p>
    </div>
  </div>
</div>
`;
